[www.codsoft.in/index.html]
[backblue.gif]
[fade.gif]
[index.html]
[assets.zyrosite.com/cdn-cgi/image/format=auto,w=48,h=48,fit=crop,f=png/Aq20eV79zLfpXV6b/1685789339697-YrDL60zzRBfzM6Wr.jpg]
[www.codsoft.in/_astro-1702469021177/_slug_.d629c78c.css]
[www.codsoft.in/t]
[www.codsoft.in/_/terms-and-conditions/_]
[www.codsoft.in/_/refund-policy/_]
[www.codsoft.in/_/_]
[www.codsoft.in/_/privacy-policy/_]
[www.codsoft.in/_/internships/_]
[www.codsoft.in/_/services/_]
[assets.zyrosite.com/cdn-cgi/image/format=auto,w=608,fit=crop,q=95/Aq20eV79zLfpXV6b/logo-png-mnl7npnlXjHPl9KV.png]
[www.codsoft.in/services.html]
[www.codsoft.in/web-development.html]
[www.codsoft.in/products.html]
[www.codsoft.in/internships.html]
[www.codsoft.in/jobs.html]
[www.codsoft.in/campus-ambassador.html]
[www.codsoft.in/promotion-executive.html]
[www.codsoft.in/verification.html]
[www.codsoft.in/about-us.html]
[www.codsoft.in/contact-us.html]
[assets.zyrosite.com/Aq20eV79zLfpXV6b/bb375cdd655184ca2715ac5059e73651-YX4ZEeZEvbhrMMZa.gif]
[assets.zyrosite.com/Aq20eV79zLfpXV6b/web-development-2-YX4ZEeEEnwI13r0K.gif]
[assets.zyrosite.com/Aq20eV79zLfpXV6b/ecom1.5-AGBrlQWV28Tk33nJ.gif]
[assets.zyrosite.com/Aq20eV79zLfpXV6b/web_developing-dJoGejvV7nI9KNlO.gif]
[assets.zyrosite.com/Aq20eV79zLfpXV6b/mob-dev-AGBrMO8XElc08jln.gif]
[assets.zyrosite.com/Aq20eV79zLfpXV6b/data-science-2-mP4XPq0y3wUKory9.gif]
[assets.zyrosite.com/cdn-cgi/image/format=auto,w=227,h=168,fit=crop/Aq20eV79zLfpXV6b/java_projects_for_beginners-AGBrMZgjljfZV2EE.jpg]
[assets.zyrosite.com/cdn-cgi/image/format=auto,w=268,h=225,fit=crop/Aq20eV79zLfpXV6b/java_projects_for_beginners-AGBrMZgjljfZV2EE.jpg]
[assets.zyrosite.com/cdn-cgi/image/format=auto,w=227,h=168,fit=crop/Aq20eV79zLfpXV6b/istock-1276643671-A1agppkaKqi8zzvj.jpg]
[assets.zyrosite.com/cdn-cgi/image/format=auto,w=268,h=225,fit=crop/Aq20eV79zLfpXV6b/istock-1276643671-A1agppkaKqi8zzvj.jpg]
[assets.zyrosite.com/cdn-cgi/image/format=auto,w=166,h=163,fit=crop/Aq20eV79zLfpXV6b/images-m7VEv066lPuoGGkY.png]
[assets.zyrosite.com/cdn-cgi/image/format=auto,w=154,h=143,fit=crop/Aq20eV79zLfpXV6b/images-m7VEv066lPuoGGkY.png]
[assets.zyrosite.com/Aq20eV79zLfpXV6b/870a2f0a426751eac1fc9cefcd97be78-m7VE6evebnsJWr3w.gif]
[assets.zyrosite.com/Aq20eV79zLfpXV6b/9d7b99_dfcb8e88751c4cecb7ac677976976ec8_mv2-mP4Xa8xEPPTLEoVx.gif]
[assets.zyrosite.com/Aq20eV79zLfpXV6b/creative-m5KWqZZQ0ZF2RNjg.gif]
[assets.zyrosite.com/Aq20eV79zLfpXV6b/colorlessbitesizedkob-size_restricted-dWxMw6VeVnhwvlpy.gif]
[www.codsoft.in/privacy-policy.html]
[www.codsoft.in/refund-policy.html]
[www.codsoft.in/index.html]
[www.codsoft.in/_astro-1702469021177/_slug_.d629c78c.css]
[www.codsoft.in/t.html]
[www.codsoft.in/_/terms-and-conditions/_.html]
[www.codsoft.in/_/refund-policy/_.html]
[www.codsoft.in/_/_.html]
[www.codsoft.in/_/privacy-policy/_.html]
[www.codsoft.in/_/internships/_.html]
[www.codsoft.in/_/services/_.html]
[www.codsoft.in/_mailto_contact@codsoft.in/_]
[www.codsoft.in/terms-and-conditions.html]
[assets.zyrosite.com/Aq20eV79zLfpXV6b/mobile_development2-AR0laO40Oyi0J4Nq.gif]
[assets.zyrosite.com/Aq20eV79zLfpXV6b/android-app-development-company-in-chennai-A3QEG1jQybFBnE7P.gif]
[www.codsoft.in/services.html]
[assets.zyrosite.com/Aq20eV79zLfpXV6b/ecommerce-marketing-toronto-YyvklKqR6juPG7DG.gif]
[assets.zyrosite.com/Aq20eV79zLfpXV6b/web-development-content-animated-A856GXrXQ9SM17oe.gif]
[assets.zyrosite.com/cdn-cgi/image/format=auto,w=101,h=100,fit=crop/Aq20eV79zLfpXV6b/html5-logo-css-logo-png-transparent-svg-vector-bie-supply-9-AMqXZgL65Mc8a5x3.png]
[assets.zyrosite.com/cdn-cgi/image/format=auto,w=90,h=98,fit=crop/Aq20eV79zLfpXV6b/html5-logo-css-logo-png-transparent-svg-vector-bie-supply-9-AMqXZgL65Mc8a5x3.png]
[assets.zyrosite.com/cdn-cgi/image/format=auto,w=99,h=98,fit=crop/Aq20eV79zLfpXV6b/html5_logo_and_wordmark.svg-mP4X1rjnw9i31v8v.png]
[assets.zyrosite.com/cdn-cgi/image/format=auto,w=84,h=83,fit=crop/Aq20eV79zLfpXV6b/html5_logo_and_wordmark.svg-mP4X1rjnw9i31v8v.png]
[assets.zyrosite.com/cdn-cgi/image/format=auto,w=107,h=106,fit=crop/Aq20eV79zLfpXV6b/javascript-logo-Yg21wKePnaS6Rbqg.png]
[assets.zyrosite.com/cdn-cgi/image/format=auto,w=90,h=90,fit=crop/Aq20eV79zLfpXV6b/javascript-logo-Yg21wKePnaS6Rbqg.png]
[assets.zyrosite.com/cdn-cgi/image/format=auto,w=99,h=98,fit=crop/Aq20eV79zLfpXV6b/67109815-AwvLwK74pEfJb6M1.png]
[assets.zyrosite.com/cdn-cgi/image/format=auto,w=86,h=85,fit=crop/Aq20eV79zLfpXV6b/67109815-AwvLwK74pEfJb6M1.png]
[assets.zyrosite.com/cdn-cgi/image/format=auto,w=107,h=106,fit=crop/Aq20eV79zLfpXV6b/python-logo-notext.svg-dOqXe1jPVguDrNrL.png]
[assets.zyrosite.com/cdn-cgi/image/format=auto,w=55,h=55,fit=crop/Aq20eV79zLfpXV6b/python-logo-notext.svg-dOqXe1jPVguDrNrL.png]
[assets.zyrosite.com/cdn-cgi/image/format=auto,w=154,h=96,fit=crop/Aq20eV79zLfpXV6b/1280px-node.js_logo.svg-mnl7GO0Q2qcNLWaW.png]
[assets.zyrosite.com/cdn-cgi/image/format=auto,w=115,h=60,fit=crop/Aq20eV79zLfpXV6b/1280px-node.js_logo.svg-mnl7GO0Q2qcNLWaW.png]
[www.codsoft.in/web-development.html]
[assets.zyrosite.com/cdn-cgi/image/format=auto,w=294,h=423,fit=crop/Aq20eV79zLfpXV6b/techvia-it-solutions-business-services-website-template-1-m7V8V1NDpnSbnB4x.jpg]
[assets.zyrosite.com/cdn-cgi/image/format=auto,w=310,h=453,fit=crop/Aq20eV79zLfpXV6b/techvia-it-solutions-business-services-website-template-1-m7V8V1NDpnSbnB4x.jpg]
[assets.zyrosite.com/cdn-cgi/image/format=auto,w=297,h=428,fit=crop/Aq20eV79zLfpXV6b/60a98115ba76be068162f5ea_thumbnailimage-A8525B4rDefZVz76.jpg]
[assets.zyrosite.com/cdn-cgi/image/format=auto,w=315,h=412,fit=crop/Aq20eV79zLfpXV6b/60a98115ba76be068162f5ea_thumbnailimage-A8525B4rDefZVz76.jpg]
[assets.zyrosite.com/cdn-cgi/image/format=auto,w=297,h=428,fit=crop/Aq20eV79zLfpXV6b/orthoc-600x800-dWxexryEoocQk3KW.jpg]
[assets.zyrosite.com/cdn-cgi/image/format=auto,w=306,h=447,fit=crop/Aq20eV79zLfpXV6b/orthoc-600x800-dWxexryEoocQk3KW.jpg]
[assets.zyrosite.com/cdn-cgi/image/format=auto,w=294,h=423,fit=crop/Aq20eV79zLfpXV6b/eflyer-600x800-2-meP5PZBOKJC9qK9X.jpg]
[assets.zyrosite.com/cdn-cgi/image/format=auto,w=310,h=453,fit=crop/Aq20eV79zLfpXV6b/eflyer-600x800-2-meP5PZBOKJC9qK9X.jpg]
[assets.zyrosite.com/cdn-cgi/image/format=auto,w=297,h=428,fit=crop/Aq20eV79zLfpXV6b/edeedjob-758x948-A3QaQXn170hJ5VV9.jpg]
[assets.zyrosite.com/cdn-cgi/image/format=auto,w=315,h=412,fit=crop/Aq20eV79zLfpXV6b/edeedjob-758x948-A3QaQXn170hJ5VV9.jpg]
[assets.zyrosite.com/cdn-cgi/image/format=auto,w=297,h=428,fit=crop/Aq20eV79zLfpXV6b/856b6a1f087601228a17c199a7fd5368-YBglgk11paiGpPDx.jpg]
[assets.zyrosite.com/cdn-cgi/image/format=auto,w=306,h=447,fit=crop/Aq20eV79zLfpXV6b/856b6a1f087601228a17c199a7fd5368-YBglgk11paiGpPDx.jpg]
[www.codsoft.in/products.html]
[www.codsoft.in/internships.html]
[assets.zyrosite.com/Aq20eV79zLfpXV6b/participation-YrDLwzyRDBSPRko5.gif]
[assets.zyrosite.com/Aq20eV79zLfpXV6b/header_7cc3c856f5b86ad98f1232bd17cecaf4-YNqX3Zaa2eSRDEEz.gif]
[www.codsoft.in/jobs.html]
[www.codsoft.in/campus-ambassador.html]
[www.codsoft.in/promotion-executive.html]
[assets.zyrosite.com/Aq20eV79zLfpXV6b/source-dJoG1g8L9nhpnwB4.gif]
[www.codsoft.in/verification.html]
[www.codsoft.in/about-us.html]
[www.codsoft.in/contact-us.html]
[www.codsoft.in/_mailto_contact@codsoft.in/__contact@codsoft.in_/a_._/p__h6.48.delayed]
[www.codsoft.in/privacy-policy.html]
[www.codsoft.in/_mailto_contact@codsoft.in/__contact@codsoft.in_/a_._/p__],_desktop__[0,{_top__[0,80],_left__[0,206],_width__[0,812],_height__[0,2094]}],_settings__[0,{_styles__[0,{_text__[0,_left_],_align__[0,_fl]
[www.codsoft.in/_mailto_contact@codsoft.in/__contact@codsoft.in_/a__/p__p.4a.delayed]
[www.codsoft.in/refund-policy.html]
[www.codsoft.in/_mailto_contact@codsoft.in/__contact@codsoft.in_/a__/p__],_desktop__[0,{_top__[0,80],_left__[0,206],_width__[0,812],_height__[0,1444]}],_settings__[0,{_styles__[0,{_text__[0,_left_],_align__[0,_fle]
[www.codsoft.in/_https_/www.codsoft.in/__https_/www.codsoft.in_/a_._/p__p]
[www.codsoft.in/_http_/dot.com/__Dot.com_/a_]
[www.codsoft.in/terms-and-conditions.html]
[www.codsoft.in/_mailto_contact@codsoft.in/_]
[www.codsoft.in/_mailto_contact@codsoft.in/__contact@codsoft.in_/a_._/p__h6.html]
[www.codsoft.in/_mailto_contact@codsoft.in/__contact@codsoft.in_/a_._/p__],_desktop__[0,{_top__[0,80],_left__[0,206],_width__[0,812],_height__[0,2094]}],_settings__[0,{_styles__[0,{_text__[0,_left_],_align__[0,_fl]
[www.codsoft.in/_mailto_contact@codsoft.in/__contact@codsoft.in_/a__/p__p.html]
[www.codsoft.in/_mailto_contact@codsoft.in/__contact@codsoft.in_/a__/p__],_desktop__[0,{_top__[0,80],_left__[0,206],_width__[0,812],_height__[0,1444]}],_settings__[0,{_styles__[0,{_text__[0,_left_],_align__[0,_fle]
[www.codsoft.in/_https_/www.codsoft.in/__https_/www.codsoft.in_/a_._/p__p.html]
[www.codsoft.in/_http_/dot.com/__Dot.com_/a_.html]
[www.codsoft.in/mobile-app-development]
[assets.zyrosite.com/Aq20eV79zLfpXV6b/doditsolutions-multi-vendor-ecommerce-clone-script-mp8XwLn52aHwKL43.gif]
[assets.zyrosite.com/Aq20eV79zLfpXV6b/mobile-app-development-company-in-noida-meP3w22z7MCEJKKo.gif]
[assets.zyrosite.com/cdn-cgi/image/format=auto,w=122,h=105,fit=crop/Aq20eV79zLfpXV6b/download-1-Yyvkl68OplhyXD3R.png]
[assets.zyrosite.com/cdn-cgi/image/format=auto,w=52,h=52,fit=crop/Aq20eV79zLfpXV6b/download-1-Yyvkl68OplhyXD3R.png]
[assets.zyrosite.com/cdn-cgi/image/format=auto,w=154,h=96,fit=crop/Aq20eV79zLfpXV6b/1_ilhlkvoasddq4qzxebn_xq-YZ9nvoLavWUxNpRP.jpg]
[assets.zyrosite.com/cdn-cgi/image/format=auto,w=97,h=63,fit=crop/Aq20eV79zLfpXV6b/1_ilhlkvoasddq4qzxebn_xq-YZ9nvoLavWUxNpRP.jpg]
[assets.zyrosite.com/cdn-cgi/image/format=auto,w=153,h=152,fit=crop/Aq20eV79zLfpXV6b/3b56d17152bd46c295797a7eaab1f244-mjELweVp7ycoKRzr.jpg]
[assets.zyrosite.com/cdn-cgi/image/format=auto,w=100,h=99,fit=crop/Aq20eV79zLfpXV6b/3b56d17152bd46c295797a7eaab1f244-mjELweVp7ycoKRzr.jpg]
[www.codsoft.in/mobile-app-development]
